Muncie SanLuisObispo Cardiff Avalon
Iloilo
Hornepayne
Umea
Christchurch
Jamnagar
Cozumel
StVincent
Banff
Tokyo
Syracuse
Iquique
StBarthelemy
Kariba
NiagaraFalls
Bulawayo
Libreville
MountainHome
Nome
Norfolk
Brunswick
Hurghada
Ironwood
Leros
Clarksburg
Pittsburgh
Leon
Guangzhou
Rota
Boulder
SanMartinDeLosAndes
Detroit
ElSalvador
Killeen
IronMountain
Kano
WestPalmBeach
NorthCaicos
Ironwood Oita
Duncan
Paphos
Adana
Launceston
CarriacouIsland
Canton
Wellington
Arequipa
Xiamen
Syracuse
Longview
Heraklion
Tampere
Conakry
Hickory
Jonkoping
Montreal
FortDeFrance
GrandRapids
Doha
Marseille
Dubuque
Enschede
Igloolik
Montgomery
CiudadDelCarmen
Oita
PuertoCabezas
Caen
Gillette
London
MuscleShoals
Durban
Owensboro
Gaborone
Berne
Hanover
Dalian
Pantelleria
Legaspi
Bagdogra MedicineHat
Chambery Drummondville
Palanga
Ovda
NewportNews
Worcester
Trapani
Sapporo
Kelowna
Raipur
Bergen
SantaCruz
Mayaguez
Asturias
SanAntonio
Norwood
Fortaleza
Perigueux
Albuquerque
LaSerena
Pendleton
MaheIsland
Paramaribo
Nanjing
Porto
Tiree
PortOfSpain
Pucallpa
Hailey
Buffalo
Yakima
Lawton
Sibu
Spencer
Emerald
Ulsan
MammothLakes
Lafayette
Muncie
Parkersburg
PoncaCity
Shijiazhuang
NukuAlofa
LongBeach
Scottsbluff
Odense
WinstonSalem
SanSalvador
Montgomery
Enschede
Gibraltar
Muncie
Shonai
Tabatinga
Ushuaia
Topeka
Alexandroupolis
PraslinIsland
Lourdes
Seattle
Cheju
Savonlinna
PointeAuxTrembles
Alexandroupolis
Longview
Mikonos
Guayaquil
ArthursTown
ShowLow
FortSimpson
Newark
Pendleton
Boston
Khartoum
Brisbane
Alamogordo
SanJoseDelCabo
Madras
Shiraz
SaltLakeCity
Jonquiere
NewportNews
Papeete
Kemi
Eindhoven
JerezDeLaFrontera
Pontianak
OklahomaCity
Quaqtaq
Nagoya
RockyMount
Rockland
Pusan
Bethel
Baltimore
Suva
Bamaga
Spokane
Mauritius
Murmansk
FortWayne
PortBlair
Kirkenes Nizhnevartovsk
StVincent
Woodstock
MyrtleBeach
Alexandria
Chibougamau
Jabat
TwinFalls
Taschereau
CiudadObregon Hamburg
Bologna
Monroe
Bodrum
Geraldton
Jabat
Aqaba
Kokkola
Blackpool
Chatham
Valdivia
Alexandroupolis
Gulfport
Marrakech
Casper
Manizales
MountHolly
Menominee
Floro
CaymanBracIsland
Pembroke
KeyWest
Beica
Corning
Hamburg
Hilo
Kasane
Inuvik
PortVila
StPetersburg
Faro
Naxos
Pietersburg
Quebec
Padang
Ixtapa
Davao
Faro
Barranquilla
Loreto
Madrid
NewCarlisle
Anchorage
KansasCity
Alghero
VillaGesell
Cebu
HongKong
Quepos
Bamaga
Hampton
Leros
KualaTerengganu
Bilbao
PuertoPrincesa
KlamathFalls
Kerman
Varanasi
FortWayne
Yaounde
Tampere
Nelspruit
Surgut
Leros
Rostov
PortAngeles
Mazatlan
Changsha
Aqaba
Klagenfurt
Bydgoszcz
Worland
Greensboro
PortMoresby
Dubrovnik
Imperatriz
StPaul
SantaAna
Fairbanks
Kipnuk
Wichita
Hilo
Jonquiere
SanJoseDelCabo
Bridgetown
Izmir
Canaima
Birdsville
Faisalabad
BarHarbor
Graz
Nizhnevartovsk
Alotau
Georgetown
Colonia
KansasCity
SanTome
Huron
LaCrosse
Montevideo
Trelew
Marion
Tucson
Denver
Arequipa
Youngstown
Agra
IdahoFalls
Goodland Salina
SaoPaulo
NorthBay
Tunxi
Luanda
Pierre
Minsk
AbuSimbel
Manado
Tallinn
Livingstone
Fredericton
Nagpur
RiviereAPierre
Corumba
Cobourg
Deauville
Mpacha
Vasteras
WilkesBarre
Poughkeepsie
Bushehr
Pellston
Goa
Omaha
Krasnodar
Chattanooga
Bari
Dubbo
Alamosa
LaTuque
Kahului
CedarRapids
Genoa
RichardsBay
StGeorge
Christchurch
Flores
Evenes
SaintCloud
Massena
KlamathFalls
Sausalito
Asmara
Alexandroupolis
Macon
Tours
Portsmouth
Helsingborg
BahiaBlanca
Toronto
Bangalore
Resolute
Cork
Xiamen
Chambery
Cumana
Chifeng
TerreDeHaut
Penang
TelAvivYafo
Phoenix
Loreto
MexicoCity
Salina
Stornoway
BeloHorizonte
Swakopmund
Morgantown
Pamplona
Esquimalt
PortoAlegre
Gwadar
Lilongwe
Zahedan
Anniston
GeorgeTown
Pittsburgh
Launceston
Deauville
Chittagong
Minot
RiviereAPierre
Larnaca
WestPalmBeach
Lorient
MilesCity
Kilgore
SeptIles
Perugia
Dauphin
Tuscaloosa
Pocatello
Casper
Gillette
SiouxLookout
Jeddah
Barrancabermeja
Hartford
Surgut
Gillam
VillaGesell
Kenora
Nepalganj
BurnsLake Limbang
Bethel
Guayaquil
Changsha
Paderborn
Leipzig
ElPaso
Columbus
Paros
RockSound
StGeorge
LanaiCity
SantaMaria
Dryden
Heidelberg
Clovis
Jersey
Johnstown
Curitiba
Cannes
Sfax
Maracaibo
Charlotte
Manokwari
Galway
Nagpur
BurnsLake
Chattanooga
Montpellier
Danville
Karachi
Alotau
Ponce
Tarapoto
Pohnpei
SouthCaicos
LaRochelle
Jujuy
MilfordSound
Tashkent
Lexington
Kodiak
Leipzig
Sanya
Qualicum
Naxos
Imphal
Canberra
Ely
Cali
NewPlymouth
Tucson
Aracaju
Asmara
FortSmith
Gillam
Erzurum
Pendleton
Moheli
Maracaibo
Cucuta
Dresden
GrandCanyon
PortoSanto
Lewiston
Oulu
UlanUde
GranCanaria
Cali
Nuuk
Cuiaba
Alpine
Tours
NukuAlofa
Bordeaux
ArthursTown
Maxville
Cranbrook
Dembidollo
Hays
Aarhus
Faro
Krasnojarsk
Lima
Hervey
Charleston
DeerLake
Innsbruck
Nancy
Lucknow
Mornington
Guam
Sundsvall
Oradea
Iqaluit
Houma
Bulawayo
MuscleShoals
