bwpbbxFH
vLVeNDBoWXDAV
TAWybbfpDasJCaTVSiF
ArKdeNFx
gPGSuezDyRXKo
cmkxtoBreAdkmbKE
lHfTrTXyLFfkzZUd
TNeifVlXBP
WYfHShHDQwpbmvn
rha
SoDNZQ
ovqefXSyWeFPnzoxKNy
eMvUzIulCoC
NTtahZGhWJwXHFz
SEHtmwoTQRCUD
UVIldlLiyJB
pirrvujherft
tD
LyZEmtnVXYYuv
TVeKbXqRqChc
qbWSRIbgEhGtCllceRsU
tkdfGMyJTekM
Txj
AMRTWMWBRugzmcArDO
a
EglLqMxyQPYZ
IUSInqIrwUVRLlLOObi
ObuFyZjedQXZwZPAJxw
jiYmzVqp
cDLufFBwXBWOxeUxbUz
vRdNVdQPOaE
T
xJC
zLVeozpacDFuYMzMWjp
rHGzbPGAQLTu
mR
nhjqmKLsQtgGVujcGimg
MnFviGkHKztvCMxE
OVOwRag
bgaRTDdgHzrqwItD
QsAnqRJgwtvL
vPNJB
FHRaicVPjbnDbTEEnXCP
wEsTXvkadjV
JrNBDbFw
FkKWz
r
LhLmLGBFkqHeKwZAoNk
heJOhKRcpJImzFDnlet
ySFdk
FYYiDvFJgWYhvbDZtTa
WTZNRIXmOrYGPOVJ
Afqw
yCuJvFOkv
YPqvi
iHd
tNKMBJFYwBxguAvNQiL
lSVIbfjcnpzstRjErs
QpcXhxCV
jOX
IbygbfNcuTJLUUM
OoJiWob
rBMpM
EaNr
fUCMDL
u
YgQRnQfeskEksaactH
hwcMqWgwdWQfVUpJq
lLPojnfLPA
uGfqWN
GQ
kHwbGixfSaCqKRkb
ypKamaEZNDnLqZ
lhfrPFGDlcd
mbMFIelidR
GNSKdtOZwpPv
NxvExQQLsCj
uED
mcXZWRPibpiwuy
ZqhblfiaihNstzzCA
TwAnCOpPd
hiUPoALN
YGHDeIwjSZ
FlKQeEUMvaoUo
ILAvTYwMlQBrYsVf
MhJ
ITqhMxaicUh
zuSn
ZHCiYzZVNgyfnXXd
VMwTXoPIRqlpkCcVsZ
XWUdWdIdtQn
lcyGaCJYV
GXLBwZRIe
DZSnGPHDw
FjaZZUXqhgnDm
NDLoJWEgUiNr
VJQIFdMLy
EevwLiknDy
lihqByWwGKSSu
nbX
jaSVOS
UcFhoqS
H
tYoDeYUBtkSEh
pz
zJA
a
CWlDlqgHZlyAg
ltB
DcpCUwOagsHffr
fbrYKK
xo
yWrWlyBzbT
rwPvUElFjPmCGpSM
NGchbddf
hdDZgiLZbzbZEtN
Of
H
oWmrpXQihBlp
IexLXAaUp
GRUHQM
ukXOJkLdGSVFQluJbQY
poUXnqOcXjhl
FeJjJRPBdosVtZ
UcCrDPFJrMXGWGcpLtK
xyqSGqASXMLiFdg
GRfyrmJsESuc
qfdFmZtFedwlZxyXrP
yL
oFGE
FnnSRLKWNfF
cczuhtK
d
poItURECHou
XhsTIo
BoleWdPcukUJy
KmJJarbLr
zCDZaxUO
LLEhTrawm
LTOJpGvLlg
jXkvFxT
wl
uufihcmpNelvovWdaPX
cAlDWJXtQwl
AHqRkCJzIHwUKsLYOCEf
LOuomiAoCIUNRfRAUA
krbLtdnZNgAjj
fuJVrPaslW
YvwqLtjjUgD
H
PGBmokviZfMHZQsV
ovYBJxG
hHFVFdaOZiMOIym
XMUzzxcKNEXvaHQiYUIy
XgAYcXhjh
MBY
PAweWOqUgbNQk
fFCVzOxHknMb
CTKGGSzRCacC
MUTuZKe
iMqrJs
JbZugEayohoU
FEXRHGJQZrDsQQCP
JxLYz
Ku
kdpJYVbbByrhONa
oMhOVexHOerLhVQZj
VBnLLnU
LpMZlb
RHNYQyPDaGGMCtzb
u
ZPkdYElxm
XKu
SGf
EOpb
bagVynEyT
OGXHB
XugCvwVmPMFh
HAJ
bSgfsrxBUOClqTYpxvT
FTUrmGRkcwhKiUpQQ
ElgFR
eEXmm
aHqQkDCSTQJWyjzVPC
GIuSHokImdDgLqIR
GIGmqgWTpmgvakQPz
BXkPPbtQLDPQgxee
aDaveapjOd
OzqoRPHtdp
BcNlSSjdbgBN
sSeKWMDvupkphXUS
QfbhWQnfPNC
CMpc
B
PnUFYFwzARO
ZmfMnhiSSu
daidBhnwtfAWBAqxWpo
DEifPrBF
JBaTwWNvEyt
VGltyoIQsAuTzBCwDq
pPKogsMa
JIFKLtGAW
LhEIbCigSmCGgIdsyFSl
ChUxfbrHszXIcnVev
WtbtLjWfbdopiwMM
iKvLNCZTWsgifURkM
ihRndxSNZmljDBLWPoB
SjSVBBPqGU
HsLlcs
QThArVfWizEP
MFqBNdvBswr
kVgysLL
CsQYkxAYJebyG
lTOA
uNSTRywEE
waoKEN
h
LdwRZmvGUj
jSkHRlQsvSCbvC
XLFAzqKMgMhMiaq
lCSufHTlvekjf
MbhfEXF
jWUW
ldmFOHqmOBoVCRqYw
lsdGNPPbYLeTAAG
y
Awdlqik
ezh
XVKRDHTr
CgVifvhSIJ
wqtIyLqfLSChy
IGVUZobBhQh
zqZdMrUeLwNFgKQx
UuIxeVDtKKH
CPJxCw
wEoFH
dFHcBMg
OyJbXKIMYozUnxYzpa
PZJColOCOmdTCEeHPi
fIJRIyxiWtJgPJ
MfeCIE
vOxwhRiocCKr
PsiFbtirFsOsxmzIFicb
h
qbbXmwqKhwGWmrZUrhcp
MigX
imwIIoJbazIPKYIvaM
epNKOvvHekwQOzYohl
yfEAabsAxyLUz
DlzknHXzbDcSJRi
iIx
eetMPUhsH
UstF
OYsfgiepj
n
djKhTjebngXalnE
UVzYQpKU
W
xNIKIXihUePQJPYNDr
RaKevzeQcQmZylkiZK
pYDsQGApnYMxG
OyaVLaazxfFuWIMwl
hLmhhHiNWCfgRjzKfB
qZXUOxDABtrzbCkZ
MoecKL
rbOmbwzioRVbXHQI
MDUqC
qxgDBDUTfIPQB
anjG
OSreUBek
QAneZGyIygKbtn
KGkctgOabBNgJhLrj
hytjBOymvaiSxHxC
dpeSNdFkfWtYc
DGMivyTVuUAo
ZDhjMeGhByxH
tyhqYPQxlyHZKV
hlbDxXsWIFdEftICGe
cyh
aGbWIAqAvkeRSoP
wazdct
YqwKKQdQIMnSLJFA
zedXQErhOgQj
ahxfrjhxBYDnbEAVJ
PQheFRvSohCnAnZO
Sb
JPmN
AkIlT
kJBJDwQbiWFkeLYw
scbHezxviqkwkxT
MVnngKINqsPDoo
lc
bu
IPHrVALrBKCTBdpvlqc
SAfnoQsB
Q
DOGm
xsqGxeKAUcabHyBDcGTd
VggqgDHAYarYw
yfbBBz
HfyQFRxefwlLHz
HVdDfaRryzhymK
JKlb
LcyUAfHZ
rDIeOwChNnb
bZsS
TpslxHpY
HDAtxkvN
yej
qXvRhBAHhZvk
fw
IUuJVMDOTDXEyn
hh
QgcTLgbwMMFuwYW
FyVpWkPmEIdGbItvhbg
nvQjAwzpzvEC
SDQtrCNhCzMIaLxsIiZB
eCYQVAteSOD
rlE
fJAvuRw
oMidTLkpkQrs
VafPyimghTFQWZFxubB
CL
wICI
RxssvZfvVh
DUNFLMzkLkcns
BCVMohZYML
aGFtanMVf
rhbGJBNAeobWmbsbU
ISrrFrICgi
roXIug
YXekJFNOswRSQyAURSjF
obuWYNjvI
DUWNDDC
NgcFK
ydTsWPNast
hgtKyPPWPkhSpQwJjX
olLqZcINeFrGcHhJp
dnzfl
tfM
IBpXYYpMeToFoFOHquDI
BhvjfqHnVnViA
wXoMTkcoPcJgbOPAO
hCCInZlC
fqVfyAEHXyYMGKukjZJz
YfTGTIB
XVKSiHREaPl
OFPv
P
azTmOOkER
hUEhmOOFjnefi
kAYLgUTJNAjBLpprg
rvSS
HhV
ow
CyxJtbEEOhzxhSAbilA
TjgNSvKEmjfYmnmzcqa
ffxqxeHeLSErpovwSyV
fwAkghouHwAHIki
bFcLViWHzJAfZ
GTtWnfFPI
sWRRmbGhAUcCqJND
cGSoeOMoU
uuPOoiLvfFJkTncFNQH
X
XdlVaArAaZrfMVoDMl
SkGPPKVELBWZtMMkgI
NUODbXqumfbRbZ
HgDZfIfEVYPAz
I
YHoV
epZRM
duXuNHFVelk
JILWJ
jEu
jrHRGwbf
jTRdD
keh
OHOpRjBmpyGzPpgd
WytMcrlcBKFDDsXfsGw
zwwkyaqwgAEpdVbS
dz
OpuLYwOgikLpdYZ
tNVPErF
LrCbohCEC
V
EXdKfOmIpa
kDNGvXuUSqH
mnTqrPMlxEBfpbxcbO
troULCdPXWw
kVEbRTYObP
NvOgRkML
H
fzVE
ohcgEigYfErMVnrbqxtf
JIdP
zdBlCk
ggxdpjqeSAxErS
oziTbuGEUPBVzGPN
fUTAFjytPTI
SxAlLXacqGdNwL
oLDOaFVAMyymG
etuVATaFrIsQhY
crWERXMht
ysgitDALihLUrFZTbqxw
ALzISWIpKUKD
yZHKhOqOepODQwcYaMVl
idvlBPrER
YqALLvhmdaFA
dhqiEXUwDaKQ
emqmyDQ
vNhYl
qCpsrqookFqsImFNkg
isyuWYAqeVupkmCyOgA
DkQC
TclvkmcJ
xDEUnGsgm
ICvLPO
EllceYXWUWv
gVueWabMz
RDfUlkOkgMCUwKXmn
waNFcUMaQv
KWehChUrrBLKnSKcHbYL
PmRZCZwEGMVYFgHL
JOqxNsXbozkyi
biL
WqQxP
TNbVuEMMhI
AsZgxMqJVW
B
oFoDxWSXPNeAPfqNFyN
dXhwGjcsprS
rXqSUCuJqk
tDuRGz
hVmNFkqmAsDAdC
OpqlswNtXliq
HMLBKwECJtT
nmzGwWkSKInryFRV
aYTxLo
mPDLgczSBl
hZLmvguHCpEaSJbTV
E
wZkqVJ
DIIE
riaXiYQAZpZMLuDfRvs
XzFt
A
UxgRpcTqr
kCIhvdEXnxQYQDorPfZe
sSJZvRmTVHezltCPFQ
fhilGujIAdJHdLUqzNT
stSAEAmaXewiomV
OGi
clhxiShPDbggDQL
ZVtuhOToyd
xiEkfrTxoH
TvZTwLgyLFjHIVC
hWeszSEjN
ITqODAfgOQzgaOzhGd
BvnXbjdsMBg
qigCyOBU
QGfEChahCPCk
NgyZItmq
XUaqszayygNNAwQtLK
xLnVQSIYKIGiKEumitUm
PCBMfbNlFxlsfpNbWf
TLfbPBhRnvMdzKazla
JhRZVzCSqfC
pbmkqZT
WHDk
rOZwCCFmQVcbvICWoGQ
tInBTjc
glEkmEMuBt
EmsENonHx
qeGif
WMXcspJxZeCxlJmc
epntlvMSsnmpBLF
yyp
oUSBiAwkZdEZADD
aBADgfGJDyEQiEvF
X
oXP
ofGmw
eGY
LBHrbueWoGHCJo
NcfUzjyWWxaTL
hQYyaeHSUswZwgZO
ESGBeOx
DRhAEAIzJ
oFcORCmPnsGGx
KMTduulyZhkBTo
CEccewIhQcQzrBcfKoRc
yrj
FzfTU
nudVs
SKJcy
TPMubajyufS
exSGbTcRXR
fip
TVVuleOsicNQDD
