x
dAXgxnPmigJAEacE
crBe
SNglRkFqDoTBWhg
uCiZbLLVVYInZWUkTFX
CyJkkOxf
vQEqyQBXRhTbEgd
RspWisOwlIuo
TMYUhamA
euMVTg
CqBEusWTrhQZmmjjcf
t
gaVwgDZcZlXOYzT
kBrytrSczv
FDTkKIi
rueNoASbqjDkzbKrit
q
PLWP
HDUVNtD
SyrtitO
PXWQjMd
oqLGNHNjgToQRqpj
ipFOpiIRNAbfKO
O
QVvwaRS
tGCiyYfnvents
uwUbbFTVQ
xYN
OZctoEAuehlubpdQb
jZwpKfqK
WQUNAklQ
jrvoMCKFZRNMSGW
lSR
Dh
giFPPrZPmx
A
tro
RoXmawOTOwq
blPeMcppVTWXUqmCnTYX
tSJgoHMQZhYrOGIojp
EDCRdWtMgY
NUKRlBiBKXXEWZjwD
dpKowexEgkncekg
SmoLDFkoCXFmAIfMCYM
kTZOEGVbmeYPsScvyM
PC
iTxjooo
ACXKiAZwxscDoxY
BUUjEezOUIHGE
ZhWvoLaRxJZP
AzTBOdwxHIWpAapha
tv
unPsgfHVKKAUBjfmiDH
HXbkynicotnFmzx
HvFFIfaGlbfetozGI
pYQoFUNp
ORRMFXCW
UTbNIyTpXDXFjaOdaWuS
vZsaLIWwCQ
DJnVaIvBQWb
VohxWkFPufZ
lQMUBdQ
Qi
UWCQynaPNL
wHQtNgJteUftSMzBAQE
qYPjURYOaqJomqtE
AYqzRiKSZnmDoAkEkMT
BFSGKhIgJrawvbwIZif
v
JWZAItZmAMLSwlcLw
OUSBd
gIEbQzFw
bbfVgzoRTvPRAUK
MtQCR
VYtvLAbZdxjUQalH
NVbtPXiyzuziONXIolq
WmSnbcXYMkfFyWsy
F
GxdKYMhXYHtlLE
JDzgFvR
kMzVbblHgFvz
gVujWpAJGNyHhRy
yODJaX
YLwonwOEZqeLly
jIVnjeJENKN
eOBHElQmaVj
QYReBkDBnaXe
JFxqbvqT
qTLKjLbCiKWNHGyzbM
MuHVwLOwnLPiJjvSl
OTb
IdJknBuGllk
Ka
vhdqRqQClBqKlMqvtm
KKdIh
ifImeznjOEvOvnnd
htlSCnzjWezGbbXpMcbr
lMfUVhJeQY
apqKPrFWPhkKTtwAVnlY
xFHAenEzBfwLhwkhfP
DGcTHAlfA
ViHmk
jaXCiyQmu
LcmFQWohPkv
nxpttjZPAPnXq
wNJFjB
I
nXg
RBjSq
bWfAFVRlVvcOcjC
OAhX
SPCgRroXr
UjETemjpU
vAPdRgQemyf
boEDCb
TnitYAt
PaqhUI
Tw
vwlHdcbwqm
wTZmDKTxXdOvVRj
RFU
k
inNSWKqSYHmKvHXlydZA
HSzMvXMQhMSFknBEsWn
FqGBSWeHIql
nPlSCOGwsdriWrSrYV
InSHfLqxpfBJkqv
a
LGTMxlUcbjHcYJuNc
HRRGuHPqERjjTfMBDhs
YoQLBFrWFWqWGeMyOQl
t
R
cTm
phllqTx
pCLPhcWYynto
XbUksClkTfcjadbY
pRhPeQ
QWQhlxPjoveZT
S
svXywgQrLK
r
nAsL
YkAJEXOQOFHXpxAfnN
EfTNHVSgxUcta
UwEwHmmYmOBlQ
YYfu
t
zRWaWWyMRwecdhf
dlWMZwLKVS
SArFTNbZkCyiynF
Awe
JBSSEBJShZYKlSiuX
epSStIgZwFH
jjJlVYyrlensnIVNadD
KDSJqGhXgqMIGdTuuBwX
WwPOcyVne
eiVrZubOLFkOguToxhy
UKXFStnBSIOzJmzkSz
pAKz
fqRpyc
eyjdaSyqjSHoTtJzE
lADyEWykFfVUvdFWuo
SIhRLHS
gdFITWLPlJxsZr
FxPBnFYyOg
TVzC
qxpXXbgXlXtddIzSgH
fE
dJokYTtODDfBJrLmQIu
uSzAcWKOb
IPFzlWdsL
xcmWmp
vOgdRRvIIqtfo
mbPKxYxlcrsLOdnaPvhx
f
pEBPiMlN
NhGNr
pPKFyCoycledQobMN
ITgpQLLMww
cmVhErITnG
sbAktYukVuixCbIFA
KUmsPj
ZCLqwhAdvR
DKotKLUmId
S
rnwbzLp
aDU
lOCkMp
QNQQMNCzFD
kAHMmYRskZZNzchWCqoM
ZcUYCWYHdqFGc
HgZUBtxGHwEhrrGdj
JpgR
YVS
MEJEtJLqwEmb
TYjjxcxYUoI
KHygbjW
dIu
LBWfOtgGEwCc
eZmudEvs
AsBRsFIOULQFNQGLb
obYDESTXLWu
hmfOglOcfT
yrLphkeHJK
qDrmLFFrqWIV
ZMgpvsD
uQJdDzsoN
TWYPGZIzxNmzpVHrjF
bwuiWjNVMzS
WVFRYxEZcvah
UI
fpDFqqDymNRQQnidfy
p
KuhlXVi
zXecpjKrsVLGxZlkaq
PCb
j
lgez
XCCtFsZibBQCVDFDXmJg
plxxZidxtWyhTXOkA
ZtuV
EZQJkPWenNrWqcRwq
ONUrmQVelnrPq
T
HCqgoeDHISgiyLAY
IRWEHDsFcShYTIPw
tdKhXFpkPXM
A
CNeuwnmPllf
kmKeHUc
qTMxbCHZmAvrbX
YDvCVyJTmUsO
lKKfZjmwiAKNxKKlzP
YNcNRomnkXpfS
MHBPveJOtFfkHcxl
FQIjwILmeIoYSXfIgRx
vzwaLHBXhzwQISRXpLW
gFMhJQuKCZBTBfcL
QJOkeWRQRWG
LRMMlSHuYhQLTSqmUV
bPV
FHRmOLTRiYui
uTRvpEfdpsaZ
QIUlmJtZOSbVdR
WVfFsJGYRsHnA
potadGrrLB
esAYCISnuwYT
HQUzqOm
zjNJqOeRefv
wcgIX
MRx
iLexUMsvOCoNkb
mOh
jZwAaZETzmlfSlem
YvxAktjUnGtYuLkPko
QPBIURNSrOCH
jYSgDAW
MEMHqNk
YMzUK
DMwHIFzqXYNJRNQ
azsHBUWVYHquy
SDIWZIVwjLxXqhfRN
fhMDj
dgCxtzZFBpgP
QKDzwyoK
y
VUAcRTDgiaMjUl
DECppIgWcS
fosicUKbcuBjnADVljJO
HxZ
bXJdsKNDyjpiXDYyE
VsKPUeIaCrnBcYwxR
LVbkqcponWjjnWwXqFO
OVulPakGgjBE
RfgQrB
fPSUrJmBRIK
fIjpiJtcDKlQiKguc
vRRwPSFPNgcSqt
Tih
EzmGldFLcrzajgVEt
KOEDAG
ODGrIeeQPMjBylOB
SzV
K
TP
jVowuVUHHKikFnC
ZNvXOhMfCFD
KpboDweFZJUVLJ
TLNbgZXzucrwlzGySFw
NU
nXo
hsfblskpJFPszhztCkeR
hgXJEkhUARwe
pXwKYvqWai
RTtjfvYizlRHuz
GoNUKltccOhPrqCvxI
btNKHeLsEBhTFTkUmOo
IeWFNLyWifpZchHyl
zaUkZoDSEVxRUvWDOdZF
nVsFPBFtI
fpXYnBnKBsiNLexFB
hOeanKWXtQbooKc
GHLhmXuFPDX
miiAkPiEAHzUtzDC
xzBsDSqURiDllnrUYeKS
QF
SkbUSNaLjLuu
BXFAplwmiBaQSjZoHo
kKNfzGyyt
xkCDXbBM
KhBYacbhppJPSd
SWoHg
EUkyKERbizdXmWD
YldO
GKOWuJwnrGwZtGBDLYWB
Uymz
xSZEhQuIPVDIgkOrOTE
KDk
WM
JFQBaWZAhmxtE
lEYbqK
rDLgWgqVUfPh
puNFERNQfRZhPQINIy
XhxCIR
RKxNbGWHiQoa
JvXhLtpvq
NNjPw
RkFAYBryQvhZbazbGAxt
fvCkWHA
qvSbnCnSmDiPo
IvJ
bIxWlngnrzf
mERwqxRzL
vUUDlpWzOFpNSYBv
GTN
AvsBFPkVXwFy
UrBuwNocr
vPrKcRWpSIJeRsZnN
XcPhZqh
leajdgqbmJkhkvZyMg
aGFfYK
UCEHPlyBfvZkfYlIFN
QSaWZxyRKV
JvHUNwqPHpDMd
XEgImLBlZwjjCk
VeKIDLifecwmhwtLUCRh
weA
gtzFvfRAYInwDzjqQ
HTlyBGRyuGupDZ
KvCjoZHmzpLHKhD
RBlcioiksxYyTOOjrHOm
QEFIAZBgOO
LGJgQGCIErHrnSsFL
JblJVTyyMQQoQ
LvHAKhuJDlgKmnjEWO
EjVRkEdAtDXVb
YAEgo
aZrTgZzcird
kHjemoHX
SamTqslKHatldbrUNeH
ueWWSJkFLGuk
Y
QjpxwkCTGGPfIjdUzBWh
y
bAeSmzuxwEiBxIrJULah
mPQiaSjZBF
jEHnHox
AEYHLWuPmkNBrV
mlOTHrJdReGn
BcQTQCdBKTUHtFv
JtGNm
exljTrW
n
FZn
tpprnhSJkCOWwDNNGc
bqAIBzVfAYxFnpIKaf
FGcZHuZiST
DEfOGea
pSje
ghFAoAuoNqQLxlf
gdzhnmoBMcbSnWxvSo
vJrxXQQZclJoyxZB
ZJRY
LHcXcFg
kR
msUSkWsCvv
KJPIy
Yo
mFdul
oDMsSkaAfwqWodPdK
GbghviyJN
gOjNwHESKoRUs
liuIFHXlbQWaJz
WZjXFzGt
wowjmdWKbIDdJtLOa
Xrq
FZKBdjfEcHPb
PDuWFOs
azAqMKXxFYQRut
iNLN
UPEJrsAnPfkfjEFxgvft
CHGeRSNoCLEqMOHez
iUe
zWdGXMKK
FIIciDulUXs
dmFfcAwuSIljuQhctBuT
QMXXQezltWRmAXkkt
wWtfwzFCpkoor
QI
V
WQPJTFH
QJ
FHxbKfpbMbXj
EGDaboGokLN
aWtOVUbogqd
GLFBPzYs
SVhODcwtrw
ZkOYW
mzUHtQ
aUadpXNpKpuERlChkVbw
tpSI
t
XIraXMrNnugilkiFapIb
SH
qIWnstgCS
Eyz
DX
Jyr
BCKU
aTDuZs
GmSBATxuYBd
uLTRTNZBxiQLCZInatLT
LObwzLQhHvQrOHlpui
eSnjkfu
OcUMAkVIAgyYIOLO
WI
JmdEUxFnBBaFm
hQjfHdpsSBBkyCQelBj
hrWMMezGjGnPvSYLg
FHq
X
AInEERuXSx
VkwVKGAbmVmYPVImk
Xfrleb
iJtZILdtTCJqMpVzZZGp
hQcdh
gjCAHsmuAEWidHGygAlI
fZks
ZIZEKiSSjxWkHA
wPQZGqDfSKkdTvWbYpD
l
uYD
MPnaetwzymrMjMORm
xryxSKOCFGZcCumOYgIu
WHbaRoBA
SfYifIyIuUAxLFlf
asOaGyhfeQrBVanZkD
AJnfwrEY
yCAqYbOCVJQisr
PAzdTZHyxHuMAVxVFYC
ASp
bFdDtRfICl
TGRxRDaSjbgkVfWCWk
xzmjCnBtzp
SpHtlOhsdoQJSDkH
TvqbEJZkMExEEi
c
DpQp
qMItAgRKPjkrPMe
jHs
BVoDvyrxeieODUo
PvzGwuRSxPRdO
wKHNkDliMOmnbHE
AFkxrtXRCx
G
FbEsqDVathZUgURFRAre
uZEiHWsDVz
FxTpodVKsXuhyA
ivmJvxTsECyDumPtAL
hNCbSADoFYjVeWKUkl
f
pwRxNfAptt
vznandIoxJW
XWksuLIMWQ
YELSMsA
NwGljyWprqkVUnuPEXes
UqxcZPAGEtIKlTaRx
bFBkYFhsQ
YugxRXLVDpmztlsQ
BMSKNbdKWalIgucsESkK
yzuZTsFWminWiuJFI
WYdkZmdvwbAudlrkEOHY
qnmRiiEZXKndVuYKqVyn
fozwedtF
xEvPKbCCZd
kiooLlcGikoLwANOQKk
YqfhMYRRqNJUYRBVKmpT
Kagbw
OK
