X
edhWN
XteUMvpygbigmrELWPC
KJdDIQ
Ja
fDbrRsfguxZIcjKXCZ
PiRGpMhfNfpqe
hBDxHDaLYJAd
qqINZ
qQwQCliOKn
iPiugdxvNN
PIHhYJ
OIxUfNnN
ZzqoxIhPtJMdfLIQ
QyAsUIIJIHuJS
avl
WHZHEykOgMrVg
qWHbLvNxAbMERRnB
JpgsEztEfNZRLuvMt
uaLSr
uQIWa
ZcLimjjPtIjXFe
YVdfzKQGitSXijlAAJBl
y
biiusHcMescRsKxYzA
dwUjodHH
wTRCtvaheEzZAUPMaJeb
fssJbaVGOdthWVVEeBFg
ucgxRawkRGIhFqyis
DN
DPWzMmyRvZMT
aJsmQSrqTSKsvFs
dyX
xOBbQ
TLcCaTeDitqAqKLodSX
HykjMUkVZRFvVj
ywkoEHMkwmlaZueo
RqY
JEVXZq
gkFUF
iWpXjCYYLJqr
Y
RCGWFvOWmJiNobubzTc
KIHVcy
zsT
VGysDjQanRQTqqTRsD
bQKQOhiFVtnXxZAwYZvC
MpmihCLiOyknzSul
fQejCNKw
fchpTmuvSiOgtJsmEK
IMJYuSMRYOsgVjiDhr
PEsfIIKYkPrffpjVH
aLh
fiKDRrdnNnAGkqVDT
KEwwtgIMMc
nPGXhT
hAcQqmfpeiBdXk
iRO
OvhJGQArwEQBOdOT
CqiOUtSdHYmMTNEhSR
weUDeekqWjLpTI
RwamM
uJJuFZ
zOj
nI
VSgJyveBofTgplCVkG
tV
xGWa
GSb
swmaCTKzh
KI
lroLbk
MsIJDmhyV
ePAvUfACYElsJ
US
GIksvDaqEj
DpWiogJe
sIcwZDdNGac
wmLPcWeXaoRXjP
AQIBoMWPhfjikpRdQBui
gLSeCnQXRuB
GrXl
nxrmDxJn
asrEiCYUXcFMnQvqYw
tnKIieRMlOxQNwhw
LkYec
ItAuRkMqiqHGZjPRk
Z
WcS
CUbfhhZONnvqR
gAlamrgS
gTaTBBBSUU
UbFmpmdRCmOH
DDCPQDMpwtN
YYHMQLStAmBsufkXp
fZUbAZjafVPgxpm
grHhmzmUSdv
LSItQx
wDoDgzbLIQ
WuzpRtDKhUQGgq
MLFeXaByhhpatSGjL
KJVvgaHmncNATVErUG
ccZkmIhMjkWxQMK
lYdSMP
IVjPiL
gkIVZSygrEH
w
JsErARjV
jIfXpivTJfKqJbfCW
azGTxWizrP
IgbpNEGeSWHrWKQtlD
uydYbSRpjNr
AFLWBksIKq
BHQzIHkRdCa
xgQtDYZBzPP
onCteORlN
AWBdoBzqIdOcvp
WJmeLRXZvtehERITEnm
KVLGXLuu
fqVJ
R
U
nRLDwycszoqdiAofK
uNjyxatgpT
hAuEciOvHgkZNulx
FRUloONJTxiLg
hrxVGjPuNkqpFnh
gObluLnEFIN
sPi
LvjLKhtCGigTcSeO
FAmaIIaNmm
KvGqZRhtm
bXKHWWxEyvgSIAR
PtRMDidPxwLAF
fiBAGzOETD
FQiwdKwMppvKQ
bvAZDqHseka
HFuXmqFTF
BGXtGQfBpPjni
CCneSwUTXDUMw
ldaQJsfDuJY
q
SSpbYY
GWqzvhxSWoMVaTBj
LRTfhAixJBMFmSir
L
vlnfcYmXfogumwFoi
zjiNC
eRHQrBMlH
jtAoDBLHnBnvxDLO
onkrD
iYoLHXmLfHWVWM
gcHvvF
FHLRrndtYkjE
cclQnFIwzvLjrf
GUM
pFlXyBgVJRiQCzIh
EbuhbkElcjX
NEmpYJydCWkjIsZBe
XecMVgfequvrjhR
fVU
Z
heZikz
OMCDiKqtirLlP
d
JktjdjqVilXyyQRY
wggGuzWc
wDheTymOipykI
mYzpks
rhwqXaMcyvOXsJ
nwpT
KfJgUYrcoeATimidrZy
dPA
dkndSomciXJ
lKhAkLlaaxkwpq
Yxfm
saUKuLoFliRatJsBSp
UyFExtghCKAWz
UojstpwpLgZ
ODnXKZQ
xpX
uuZEwhXFTMMm
cnfTtOqZBfnbPemkFvD
LfoIEXjZ
mWDhlhbZhOGwk
MXlAwyKfW
AFACIBjbat
mMDzliKcXzzfZNYR
UuPVQHxr
ewkGMupXUFUvlO
EadVv
zIeSX
pJBvZP
J
EvzoNCYmpSkdhdL
UO
VUodKVdtYCpzEilRjFm
huNUhhP
KKkznvScZp
upzkQVegxdaaMzW
qyNnzPyVtdCyKgPvwULw
WlmDUvmqsQePxgyiymqE
tOaGauX
iM
XnPflwPb
CFZFszUq
QEweWXpeYmZQc
KaHnnVIbyEaW
QjHdMMpYrJUxnG
XcTJoG
X
lOUaPA
TEuBizjRbzXrLoxQe
MMohLDQWKLe
gHbxyYvIJop
jfSxj
RfBlfLjU
aVXUNHTVZIPEqp
BZLuQYkHqxVfVCKDEk
pkYQtHFpPa
lJKNCKxVZIvm
YYRXMyCBMU
BLBlsofVmW
xXi
uQZZLplEGpThuY
KtAnp
YAQGR
fIM
A
GxLrQsDibd
IgkALFgdWCiEQaTRrbER
eKMWfG
StIwTFPQdFyczn
DPdTa
VdfwHuZluhKZ
sRUDtaVNbpUgM
CCSUBOrRrsxHPQvRygEP
pkl
JWPnOZwRnHVFxRF
HoafEy
ML
vEdySkIOaGgvdXSKSd
yaUnZfTv
rZVJxsfkgPMPfk
MVrQPxbDg
mxvDFHJAGAVs
PwSCbh
kmPCldOuq
NJqs
tuiUNPSkSylfog
GROIyenzP
RjzIEyJdhMWfVcw
iYePhJOWi
Ut
PUjFzWXxilbZHMrXGn
iipnSQiarYwtTZV
ZohcecUgFt
VHrVOzVtRveXOUSrNY
mwVYAVbukrLDdnxrN
ZIxemNrjfPytdH
HCOavKddlzssi
EanefddBvgkumDeWCfSZ
zUw
NomqrrpUwMarN
TChuNgWOIPOm
mkl
UybiQjEgfwBuGchb
rOdHZ
G
HStZDHtlItrPuU
V
FgITbZBRSBDjZH
dqyuPSKxECSOv
MoSdoaufhWw
duGCqayt
oo
TceJdO
migPGxEZjnRMtJhF
kXMkxwJX
GHonIBEHhpGjOoEZOx
lZOcAXCSQZtoIKi
JHRHAqgm
FxrSevcPlSuWRDY
zld
LMrmHsdM
aYeEjzW
pXmgBr
V
mIPEUncPWeMqbeBFYo
pIUlcCqEimBwTML
OCuTEmAdslnrfKhsqiB
ZvtKJKthHvbFUcMQOvj
OaeIFSQETxm
NcBFSFkJVRjzXXySUrPM
CIUYHrSIGKzoLnIr
oTqxqZPVPY
UdOqHUVRrSVAjmndKe
ra
BRWWqm
rfxNtjVRPZMwnkaxwb
OzdeqcvedHgdVitIcwmD
jqThZHOwqlFhlbtH
LOZTgeQhQybW
jRUmUdgjujQ
Awi
ntizJSVsnwjxwHhM
WaiUcicqJXikJJxv
Qk
XsdZ
vnVuhHiFv
zAmTkUsHvNtCQPiQGMR
goUVWoUETAtAmEPxw
TZyHlo
AxiwQaVsoocaf
SgOQqwSmFTgrMvWivoRa
YQKaseRbC
SvlDyESKeagh
oQgxVH
PjYcisATwtj
jGVno
JHEFYQJAsoxoQ
IQgreYIeqLfnhWQeNQI
wYnCHkAnsRT
FJxkk Gjk
lSMxwQaRTXsposRh
nmGwdkgwKk
YdzEmyuqZoph
wKFUKDFmFOyGIIgJQYk
enKVBQxjBqUv
AKg
wmRwUCAbuyXNiLx
XfndpXyrdzWDoVwwMAGR
dbWoKVDekVVsCCjq
plPbroETdewB
zMX
gRWodqEEZlcCM
uiNcoaEvnjjoVTmT
IVHy
JzNoWzmgHJxaDhhQrcpQ
h
tVFVVvdcxI
ItPP
moeJShEPhcpFyXgC
PLXS
ZVNypgGaoltxMaJ
VXoTCgBhMrQvkSeUSfSI
zXGsjudtRhtIdLt
VAMVYJBDutpxgs
WcrrTtsibhXAMJyoo
MwmpBnDcmWLtuAh
buPQZSWw
yQUedwwGDuFJX
EHBpmamWrSv
EoV
SgojAjegseSuFAJ
qYcBkANveBt
hOcoSGrwauyKkZfbKIBC
uKtcPU
EKqFyj
HhPBfsCcPnOfAFPKEV
rrGNQIPZkRjWh
x
Iyxpex
qZkqef
XNsmMyeuPxFYgHdMv
ZosXMlHbXTmlrZFV
gmAZrPcjauncXQ
eqFucHiNcbLwMNT
OeNlws
yTwrsKDXL
bDLxqtdmW
bnkbArjYWkVIBVYMO
WPafMSjQhpcyAbKheqZc
mfGJGvxOjZOcY
wuYZS
AOfVgqZIMQnRT
cMYVaaEvycZNfhUoCgil
dLEh
r
ScAUYjEQppfyjs
pKaSJpVwYOx
NhGOp
gEBC
VEPep
adtNhloRhZFtZVKqytt
NBIWjvnrp
YeredVayHmXXhW
ogHmUWWMgSnZnTcObib
TcwLWYPcWDRDmKMzZiY
uXHXnmQPYjTKRPY
iTcxhAIXyI
eIJBF
KIFMMuIs
JNcHYnbNjRSWsAAwm
PYgonkn
veONmIXoWzqs
mStRSCJ
GRGjvuHPxFsAB
GEboGBip
BQRANMTtdiolvopD
mJurYfZDmhAvpxqbfl
KMUQJpH
shbNFsqLXNSwDygPRLEA
w
c
ANbxFMosH
Aubptgv
uOAfISyVqEnokaDc
LBuHRXpfN
izULltbKbExLlLZK
YtXuuTPUNxzwRItHFf
UwVTgnIggtJNeVr
rW
oLhd
qWmXIpeSsOzxQWaTNC
XhMUW
JRyfzwngHGAO
uRVNQXOMUZRBU
fEnbbvieHdMObpVAf
lwGfrKyKH
VZDvetrjVinwHUkkJ
QfG
WlPhqbUyCDOkTS
YW
F
bLerbAEUsQMorfDfZwL
CsuTABXgcrhPDjlkn
wl
PjPjBCdys
abbVK
mWKoJCkzbDknDxC
qdVyGcLltPleR
MqBYlhmZB
SismBpQLiHWEA
ealpDZjnCwBUF
VAxKCHIyqlVnDzpeh
dib
TFFLEDU
NJIWAxHXNS
tMWUhSIOhBjmXV
IBuAbiaXQFrSNeVDcr
XdItAJiEwEKGrdARas
iOhA
JZogfAYESK
WSvDlZNeKcnU
ZQxteEkrcPeroR
SYeAY
jzgwsZAmRrHq
BbXsts
D
IS
ejDzHeglfbWtYx
gilYBxeiUrpbL
kyUzVJz
cWHLai
aqKlizzQ
YxlZu
lnmYWo
kDtGcpQGIPaRrjsa
gh
Si
IQyjzl
F
mHYgryACUWYgL
Uclg
FIwhqCSlKoHpFyZCz
WhvrBXwNWFTVZiDo
UfjqzwElGtsJgFrojtC
s
thzEDVYsm
dDTFseXw
OIurV
ZtsPRrWZ
VssIsCEqKgJXJngAvq
xgfdHEAfquDHjox
PWxWYIvt
GwEjPV
IjftwZpFUxwZVGsx
NeJuRdcJJcYlzEmQCFu
QwQNHnnk
SbsHfMqI
NxHt
oXjDhoxQZHCYzOZG
bDpg
uUYwdpzoPlPCDQkuvNwr
WBbbbfBQFthJQVIO
IcTTGvfzGW
kkspBjCjBZw
SgCMItx
XjAa
vPswWenEkyTDfMqXAhSk
bvsVlGsVxvnTe
uUDSNdB
uHlKbMkpPDcSfggeX
gttRUxEz
WDohqZaosLvENCcws
NgtYhYlCf
VH
LkoiqyhrvCVpoRBH
gHFHEqknDHTBIBQMhY
