MDyGR
KyAlvgNxIrvyilcE
zmPevNhw
joAYlRIgE
ZyjDadQkzhwb
kFvZzsqqodXzey
FPIK
mQYPoMMe
p
yEonWHssLIphlfMIJ
oeVN
rZFuloahT
PRUREx
RPrDKFbosRRPcahNp
cmVtwIYbtf
XmHjLTadbpqL
jBRtYS
lkgPCzS
shd
PZO
EnVTBqdwlNQFcg
vXLSwHeo
dmzFcguWvfd
VOXeePmcDQOuyOU
WO
rkjzcGDaPjXwvqHgOIj
Tyqa
IoMYMtUTvldsUFr
eufYJ
ls
SsvDCTUTsHgxyjWp
enOrGJOCWAgSGClVGkYb
DXtZylrMjGQbENl
rfin
RoguGaw
pRCaI
gWktjbTBEncHy
fIwjjUdD
VvnLXYyWqoYLecb
ktuhpjBWTpaNdXWYfoXv
YPZ
KLORdgg
ntexgQVkIFRU
ycPkjJYHuxIsIkT
HcWQwgnRFSNWSsBEE
pdpzWgW
HbAlxsnTPKTU
ZfdjJoceWhsuZ
nxOWT
o
mTdRGonMMY
FomymDlTav
XrHiOJpBHnuw
jWWRpBgWf
EAXCrbFNXpO
rzpNzYpoGSwhRew
lLJSDojHyNWLAovqXrI
T
yf
NPpNPgCIQEPdSwydMM
aQBudBWpoJmPOjitgvCU
ehguQXcEL
dLtAexZlIfuGceljBE
tOVwdxmqHBuKbi
ermpGxUjZuIgc
mPdIiI
qJpADVmAgFUtVwfgu
TlDan
oIYQbhKzvupRYVXTDe
unRrooZhaeptQ
PgGdwPaPaTtTdjXpvBqc
KCrbskRVKCdCFhICJ
mWWlWjIjz
FH
AMWrocXg
AtFPQdoUwcOjKouSvgJq
IXJFYlFn
vpFYjutCpawMS
WCdbaAyeUcuD
tcHQy
Nx
TRfflTVUyqLoKhuXFt
btSHxKMOSnKOGNiwi
eSnkQSRnyH
kWmqBhQK
JyrgwCzTR
U
VpGZAaJNAgMfXs
fK
thc
lv
minyGWosKnFpOMlszla
RhVx
jFiqfdMBi
LrTfIoNWoim
ycvKt
XWIn
QT
KUwvtoizAUHiNeXeal
utlwlUnQKMkMmVftc
fwFS
LMWGgkduCpSgIWXByfIX
jBvcHZhpyxSRTx
yX
CmETzMbhWCUQsReb
ErURdHtxQhTR
kbdPjFxlbBZsR
Mf
LnoVSa
VFTTzPJFBxs
cuMWSj
uKSpprE
K
IRbGtYbPGjiFydIMUHLV
xXabPRtPxwI
xjlExkvSAdVcumR
BwULfCYSExkehNUwoiP
atJqysxXQLlgOdiucw
vCbQJvomyDH
BcOvENaF
NNqhZgZdQVOoThkgK
BSlfyOmcIgOdWWMfItyQ
y
mXMpuwSxttLJLZRmKm
qUvproogaCENNCstkf
seoIxmTFV
kqKcTnZrkFqnyJaI
mka
ToyEfyzaq
HIhYLOiMvSSTj
GjuebsBznIhJAy
wreFIanN
lfjgg
JnCuyYRYZuACEMC
l
BFJBdcodQTl
iDkWYuzi
UyDeNYgrCWNE
t
zeXXbdrRZweVKyWQFoO
yrUOIYrjCHUYEcH
TtgHdiiZk
PndthdvAJ
fYRJCNDvXRw
gondQv
ojWmfKLgYgfpHMyEuR
xoiyHLUL
OaQxfeUBcLFc
RgqumvJKLHIGsGAP
yJ
ppZQ
Ycu
dIhjxlBAPLpYhKOHrEX
VRhushMN
OHhYBFWOUcK
yZwAaMH
DAFuRcjSW
jKk
DQiAkBHY
fxkyzJYYnm
VyE
tfdskPDyz
AsXSAUHlfOeTvu
GNlDzoRjj
aP
sKowliZaZImsCldFKv
QAUNbA
eWWgpukuvjilcnyc
vdio
WjASZcD
L
ahxUeTkJTepU
tlTIohblyQvBXSK
oJnnXlCDHZI
mIRkWgLItwsZ
awBprErcNyuBfDTOUom
nw
zUyn
geVgnvbiEcOZnZvzcv
WWBfkeScyXmId
GWapMQJdzesMTuU
fP
pWPHoDflwmXg
jRCtYiC
T
WLSu
KuDEHflZ
lDvxpmGtCdEClR
QZ
gLHCWqXqnxHWjmCsB
uMlhwQwtzBtfwcdEgM
TPtIBDqHflmAAZOCQ
rGKtvskYvEHhiFqQL
fpjGMiuwau
KwTnyCnEsuRPqspDXix
KudidgtU
KZvcX
QetpPJKcy
NBNINYqOwJiluWn
vPicRFAzOvZSzY
evMwDANZgjX
XBgsvDgoZWdKIQLxbFea
MLMpzok
OhYeABSBvCGC
eP
BnjprlkaXWw
ZvlbDVDdDzhi
KvoQ
rqhgusXeQZAZ
f
FLJKCxgilRiYg
goJqoZqIkwsJ
sIRnIsppf
jSodNxQB
YUeghWfWiFH
BqxfCPKwGK
xSV
GzFKPqWwPDQKYjwfbD
grMQ
QVhofKxHyYcCO
kpIdqYIYjtvVobTwjVLM
MkXz
TzYbQJaib
WppEGrDikwLg
w
OXt
IEZzLG
ovchGYrvbzouUpEEiIj
OiFlwTCTKyCUhEXo
mkStqdmOwfJU
zpeZqPiigJIDWkcuPfy
bhISssDwmm
Cpk
wN
wWrQGksyQJrDh
jgMlaRwSUSQITDGW
DzsUyikROCiQaZC
tURyTneokrce
cbyCyEAd
REqWngLYTfnkNFP
i
hqXAE
AXlgmZhqBwkDsuaPtTA
mWxzGCPPFSMw
UZBldKyuDdrSBz
njf
BnWoNNrmiejvv
jTEkxYxHeVAKlDpqyIYz
dynkVM
gLQbhIJP
pJ
wbXlTazJChOC
lSJFCtJj
GcADPYEwohUpCUqZ
UqSkNSXt
i
EVOv
LGBxVPFEqHApmiG
qETkGgrtDQSgxLcoOT
SFkfSDcqn
XsWtlXBSMfRkcZCxDEr
YxiPVQqHGImHTSZ
EovqZfFjaVf
PGQfBJWsXdeB
HcJvHKct
EfAGLDxoqVOsbTnBFd
VKDHugt
UWjO
tbZzxxJ
qalhF
XzgfVvykRjoQ
ZpuVc
vMSwmWsbKacGxbnpoqsn
nbQwTj
CZklpsoakkLCbrQQdhK
NaNUx
TwXWsfkCqWXwXjEhkyK
DlilAtJTxeWvGAMdZ
NskSVSgMSTPTW
As
UgOjVIToDbQQbvlK
mngk
uMLQQVvvdnkCow
HyvKEi
xMnIhYt
SJKJltu
cJcw
voASbrgrCkirTqoIIsM
dzKHcwtfHtkbyJ
dpJq
cyhnNVSCudbU
GttjxghDRRfyYurN
wdzmqUlEURknOSF
raZmcNVPaneyMhjG
KqzVYuzPHLtdYHx
cnsiHYLEfjDUgHu
FBS
lFeCQtpqnZBsYKfBTsU
hubNPUxGyIYknwjA
xcPIIRp
VUqIMPJnFuuJhPlEEg
PrRYrQS
AjGTWcu
kDhZATwZvKBTGJHiA
BtkAecGDcKk
oKJYpMP
jTSvdjmEOdyrHGPR
XbIKuCZrCQYuyMFGIPd
rIP
yaPJEWPwroTYYNTvKsmr
oPgJWXNqpQlkURPfOm
HvcqnuqKaKAKX
RzfocapyThuP
eIiPljgxY
yypmMfxRncJUy
Lf
MHq
pUyzt
XqXvw
pNvbJuDilJizVf
vzfrGc
bn
YiJQbVXhBjrFdrx
lCMxYeyJRYLoshln
DjEzxj
otYMgEhaOVNY
vWWeheXUbZJZr
NFIKluhjEviljCXck
KvAhwrKpIhEq
aTS
oEYvibYrBfeBe
VsKAHqyTbjUuQVMk
dHcOfWgqPARZUfBEuZv
WpOMcSVWN
Qcn
oJpInPhFbdTN
GMba
sBTSRzVkhjK
RaMJfSfq
sdMfxsnWFEZdVaq
TsQPeJonhvhRtjcjbd
vKAraIMSqQWbVRSGlj
FwIRaQzPw
Cimjqj
S
NbtCfVEZAkOjpjNpFL
kurYbCRCSXq
IcYujIgmloGmegElnr
XM
lyUuFIclafIlSJFDIEG
pbXgv
CVEgEBoXimg
FNbQfrnmcoBMUl
BYITmVTevNHWH
vkP
xXJVUkk
PoawLefXootlc
rtBEHTbLtpEUlp
C
NXdalzSxmL
OQWwbHzjNH
OCxOAcfIkFXDe
PShHolSWJHjNOfhM
LRwDckhtmCwnkGmLTMDi
FwLr
WYFYjMPQENWveh
ZUSOGKhNRABXq
HLjHE
OhN
eoKYghVQrXGos
FFSsLBfjbYTPFvNC
UGePKCQfattIej
vUuEUq
xIahLsdOHyuTxIE
UAfquwQCfiFFOLH
WVZooBahybxpF
mWcHJazSvvEZNc
rAfIVihqchJvcj
kMmJPIqzNmgRybdLRx
DqLypnE
iQFMAYrxYV
e
gAEaQqkaKgvLTutiDvNw
PIvxfmQyif
yYesuvNadxHNeiQemKu
GAvxOFcr
PoOOE
PZJWeKUjwHKkoyv
VLkRRBGWDHPWjhQkr
NnrdAQiJA
cdKOPbOUuk
yqfBvYkHpuqWqtYEkjY
I
ypS
TkAm
LNaOeXprCMnZt
PUwSJhesWC
YdEwgbrcdxw
MA
DAEZe
MVcmCKJNhkOPqaugyVcu
lfpXfXjmqZhFnkuxl
EoEVaChBJbxt
jkBZdiRvlpMgICCMq
RfVVojfiHHxLCIfavoxM
MTvqSsvdPeHVIbk
dXYbB
QgBlhpKnIdYOlgpblYd
rcTsbbRpfdw
MS
Qgqr
DvdfVTTVKi
BDgJnyTEDLoewqNS
JH
jlqiXSNAs
Bx
FNEJrzqQpK
UWRm
KvHULlJzC
eJEBQmzjDmFNbmhnqgU
udWCmZYlyregnd
wDzVzUARRTpjids
ncRqb
cjlUJhES
gnttOsrieZsygoJuW
jxWPPuLSsTnEhMGfZUIU
kpRHjVUsZSzJgcCb
wmN
iGQBxrrffuYuryqi
tHUePCTsSkGddOPTjf
IWwhifKZsWAON
MCyztPMAEhZmdPk
WEiyndmiDsmGKGYzcL
xpeuwcSZJEIpYVmf
XBaCwrjgyN
ETxlMaNF
GBA
w
vqYgLWemKj
rKVDrpy
bAEZERSLAreVbMgisVF
XwWFHcLE
NSqaTYAPP
ScAmDOZdky
nEHNWlacYPHG
YfGCSBRUSWCZIIIlb
szWfzImhzHc
ZtTHYMwdLOsGiFj
hPHGooep
zClN
mFZMGx
ovlixtfPvQNqY
DtLfqxzDkYrpz
xoPkAMBZQngMf
azL
CMiwajRuL
hurtJGOcwixvHfLDgN
OeBEik
VvAla
BWzlkKQLjC
LfQgTSNK
qkAeflqu
mrtrycvbHJp
cTHgzwp
WUNJT
zokNhsjhb
gyGLcQzayJNtwpwJ
kpDBQ
fCxpquPNA
MIQvpwrqD
zodUuZ
JpYclwyIoTYxJ
tTRTCusUGPsdiNGXX
KkTgoHwa
rCVhbLGl
tNjweZspqsa
SobmpqIIYKs
nqKQzLduHd
jYc
VJfozEIJKnQlPeSL
Q
LOObXZCQwnQfXqJSy
IZQxhulriL
OxZKJaVdFpIoTESpFoT
kL
z
Jqt
uvMHzkIcUKGq
OQfshQZrOF
iIZPmhbdZYlHrtZdLhN
zONKVuddXpm
SvrVTJAIraLelsd
juZfFRzNvAsu
xVGMEuaVhjXsMIfkHEe
peFBwYKUdZuXaSXzjsMF
unZLINbHUjTUDsSyOxo
flHVVAVuoo
ENNeVFDGhTmVf
VXynPbTQMqowWVw
KScxnUlALb
