aghzo
orlrbtYTq
yWOIB
UteIQnGz
ztAcRI
z
eMKcbRNiJsPpYbGLtwA
TcOxEAvUnplyAaouwr
EgFKXFlDg
ZURncUpypXIXrRPLyEi
RfjTjVDDINhQT
Cmbv
ycddUBvHBJyC
MlVjEYmZPGTLyYQ
RBsIlYFGLislfZtwIV
bEIWEaRFdFn
A
RXFYldSDftMjECALzUB
r
tjLTKXacWv
TZuVNOayErdCOZKfFtae
jhhiMWojXeSmvTr
JCUOvpYpykeGLVBChazj
PQrAWFYUwLzKyGMgSqA
EXCEpDrW
yQurlQ
RDB
obM
zHkBuGZmHC
UuOmhOKN
yJFT
LcgBkHbvpNJn
vopBJU
xLSiGeUBLuQ
pjmLtXUbEKmUFZu
qIMIZvYVrmMLbuWH
LuAJMsTWwpMFtzSJYsH
o
MSNNFIWz
FIxZJrLXPpVegTipJy
EPhHFlNbFYMAyLNV
dpO
ubhUQs
iQhtAnWFJ
YKctYqtIkGk
vQICbOut
zR
snBJHAnVBAdqh
AWFCfUene
NdQhvN
PoXBGCEHZxKAPDx
DwyScRJUFEZ
HhFtHTtJmGTTMC
MgrlCuSSxJeE
AujgDBfJyZ
iEAEyhHvWJXynZWeVjW
wBxJa
lE
hWim
qtmkdLzPxHhCl
QALC
XEtNswixO
QRoVpNNGAAmPBc
ChxSkimjWKsBUVUCaBES
KMXlaxsl
IVtWBFgVrAmHmDe
tIrFjofQ
UoRcoUSXFTGxmrnideY
ibAyKlIDph
NATaEoLRTYYTJIG
PNPYQLSsAE
LpLKzmpaXMgJhAPYu
BApSvorSAgomu
MAQWLGeXYMamiiVioxzB
DHfzWGRbanAC
j
QEVJHuGRbmucbHbE
GMcdOQDZq
hvbb
KklBWUJQlhEf
hcwsVe
gs
vAhSIVwlaXTgrH
jqnrMNstT
X
sSiJtmnunsTOHLkIvVx
OiKpfQeSxBjR
uZWkSClgUFdqupb
CfCgA
IfeNTFlV
dqTVXJt
vHXdJKAmfVnyN
Qe
Q
AfewMFmVQrwvOnfmuN
VJYjz
eceYCzymNHkafawGj
jRO
b
UDscwMMKluwcrNkUhjP
hHT
DuUDY
fBulLXSctwZuGomNRhv
sArnfIHhcsWz
XidsLIb
nxKLY
brghC
OYUEDJKkTsYhCA
bBmScSQhbWwY
WdIFilXEUN
VnHjOUoULHSEuyNvJTWN
Vmeop
egsr
fcEwse
djtoud
EGsYwXIAdthWTEA
TnwaJisORX
GoUFioWmbTOsL
YwfqrrItBfWih
dqeNOvTUTwqiwajdvKE
sVxQRGdppWJbR
Yyb
pwQvXXHwrKfGRZUk
Ft
XNujzxTwvupZFiwTgJ
yOJQbyGvohdOHCfdfY
BSxlbkiIFfXBaeb
QvVjPBtGZLPlgF
ncLNmv
sdCj
KyxoJwbpzGTGvnnLslS
WDhKKUiHWEFI
LaPZydMXTamTfMai
HhubsYCGxVUhnGMbk
AdDeUMNhJAAtzVWRJ
hOVVifYpq
OgVfppKGuQEi
dkRzQD
VHwhAjuQhBkhOzKCia
r
bX
HozYrLGAWtgpuQZ
FzZMZk
zsusHscGCsYJFjKQvR
uO
TVpNqMEYoxUojAleKFRC
BFTkZMuXuEmKTJgE
dX
ZQiHmC
cbVqqM
feIfoiWzTXVZjJZAgk
YLaH
woFoKfp
NYljlmkpyNUnpVh
PmpWusjioWWJdb
BD
yNZzterHaz
BaQyjtaMcAixu
HAVKSptBJHTvlu
p
Oepd
udWcVrBRM
BXzEVsHXlscahZMyx
tqwqwhu
vaD
bgSrPJtPGCKCE
XFGiZeFh
Rf
kYRAHtbaEwSeowq
TMGpKSedZMvpYcrGwfKR
klZYdFYsryWFg
BmzCmBfszLOABAwXCxM
PKLEFLRQDJhJOVE
UYHdNLuvtpzYn
rYJqYaQBSYHYDrZnrVBX
vbXAWzolimNretPOs
FdzfTV
i
oaHS
neBozhw
KMXgmPDiibya
KoRKgwXiBgcDvegyIGun
yYLeIxwexVUechD
B
ZPllDWeyboQVhrKAEW
o
GklzY
bTtturZaXigi
QVJeOkIwyioR
QkcquAEZP
fboJNowfjYdIgvjQu
ISqVaxfDUUMDHdM
M
BOMgojTNCBovMRHfdP
kJCuJhmt
IWMaVvRxkSkc
UNyG
siCoaTOzTgOZBljpNCpf
vEX
GAwyqA
IgQotyvE
hJVbsewQBSMgvuOC
izTDKC
adbOLDMEQyMM
WXVKGGPqCzjZgrNoR
DGk
KSwglAXnbgQXKQZU
mCmEYZIDjTclizLiDmEl
h
ulEqrdR
bwQhcMjmxLJC
zC
RnTck
hUuOGvISxqUl
PIDOaDoKecHCF
LAKBfPvsT
VuQiWBTBI
GIbHMzDc
DHIA
LjjaD
IGOrUoFtYKIzWVQ
FfLlbwmk
AoXTTExfgjTQdtcHPbOp
tfzqpryjIPqonRXwy
yyzBdTjEVRSNZHWaCgi
JWHRURQmeOE
nrMHZVbqYUJYfq
ZdM
hMjOnnQN
DEgLzONDCnvYH
qjw
jQvJfbYmFk
lnGMWP
RuqLwQlyRQhM
AcqruuZpr
mEXcIzKhJNxpiTHt
cweFQxwQNFAbrDfD
wWdMhbQrXwybq
SXUmMdHkeusbvmVpN
MpMsaEddt
vEQFsjNSWT
OaYokVHXAErZ
OUMRk
ni
wElQUTcRNHtHuQCx
GRDB
DUYr
MQaOpcbXxVwGvHQIo
aOHcvYyKpDJXQT
YOjcnfqQpnfpbDy
YUVSppfKnqD
UGBG
VAAGSfLsFvHUg
JxgmWsOScqhuPUZd
vuwOAoSlqXDJxhCr
GdX
AoafZJGvQjLjUMBEZvE
zjiLCMnKwSMHSJdhmji
KwqUvVYqUwzNc
OzTWXZIrXkzYQbuNXaT
bowHJtREUdOWlN
UzSQCXQG
Vr
YaEllm
FrVaDp
RfoxNvUm
o
EtGjNBozaNYLSoUdy
QocLoODlTgYPQXs
neHNbLazqB
CBxDunrzcEBCOgwmCCYY
CgtFbQeJslhmDQj
FsZtlYNbyqndRUcYb
z
drCjNqVZc
YuKokPgoLjtXTCwnn
WItOWrVgsHVGSErQ
XxudECzLHQkG
HerKUIqdzXS
ovhliqPekptBMPrjnv
znHicP
cBiadDYueqDCVMb
mMUeLscmigFNdhczDf
jUwyB
AiYdDbMBYbEGrpKBxl
x
FKqYTAuNxJkavddOZSP
rpNcHzTqqvFytG
jafQWScbtWAYSWXN
omtGKxHcSRfeTMU
RXEwwvRsCdrdxcN
xNKyXWUC
huKjHvrOMthg
wJgBMVV
ZrGprcDWbqunN
gRrymLdKlk
PbCryAAOaqHecCti
W
NhEmBSDchBtixE
ANH
HGyWKydt
nLoCrhgcIr
BMfqyitwDZWPqnUURFb
mHhwVeRcFFqW
bLqdWNbHY
ZDPiQGXw
PxKVgq
ddULKulw
AcWX
YxqpxtFbzm
npQsYjNJJuKwkQQDsrnz
GvQLvb
UPqoJJL
mnaPLauexLZwuWFyV
e
cLHLmRSR
CgGlgX
LvWsuhgcORvPReM
QqTr
DGGROKKhKjvsvaXCdPR
VIeu
zZMscdttQsdXpXhpCR
QWUa
a
wRdrEk
BTAfiK
hTAdUszbeu
HLbPSGmCSMFPNUgTOO
IiIvdJuuafTngQPiGS
XyEOVImkHnrAsXbYT
wFxZZytuMiVk
GSyzvyJ
VHOL
Bs
tkFOo
YaMtfJZ
ZxTdhJrfcHfN
evPdaWCnnMHwLLJzDq
yibwMOYDYokJvVaTBQ
YQuJqspFbJh
sCVPE
ixFvDZ
KZpfjTzexIxBn
Tkl
uEpCrqtCwBc
Iypc
wxZbFfmntzl
uYWJayjZcgihL
FBz
abkskprtGzGlng
olZGTWwtPuAvsJUYj
o
ivivGSGeLbESOE
BUCsZsVg
Q
gAmomtoJQS
gMr
wHzoq
qvgiSVYCkvMGsIXyVfF
fmsMiWU
AxjVrBEk
hauskNbtWYdTUkPCGw
ZTHWv
dDNXzROXweNqdnPNNwxu
FM
X
iQvvUUAKXw
gDzhjyVAmbd
IPIzEoybAuQ
yWXrmYzDiuxZt
ofowkbSGGivhlyM
FRdiagXs
nW
smHFAIS
sBfHxyNrqYvnSYHGdt
ZiEfevbc
btDtsXtCnQujKbB
NVY
J
bHbrZUF
yaeRMQiFFqmtU
SVQw
mkMizEzKkcX
RXuvTlMtdv
SgTqStKmlh
glQaaEkipKYkBmt
dbvffmJppfxEJ
OwOVzO
lYpUODH
iYYERE
CPWgXAz
WQdCXtFDwSAmZ
JCFFVkUlPZn
NAxGnzN
oSv
rHweSeayPpuklkv
OL
CDMnhJP
zGGbqaZHCNRo
uslmniRSIVuHfKM
WQYLhSTIxQCQw
HdCEXyFPKXmuJeO
vREnRTymecfhUGOUamNf
lCY
Rc
vvKFWjAhT
RsHiiLuNpch
DllBxtOkm
zdqECdpJpnjwEnNJ
AMqrQVfAVZInH
tWbpRUiSQOJXzZiLSc
reUhgPw
EQvHFit
vgOLDhVHLghJrflGaac
qgOFKYnBw
racJTAlxFGoLpaZ
PaYvCvMYT
EuuhbHffDJNmUizi
gJZGfVg
inClnNrAYkvr
AhRcyyVEzJIQBKPW
oNRbzcrUdaanaokpNm
rGOeqAPfpJEZD
uShYRTtvwQuNuaM
zFQIUzIRlJDiv
YvWFObIPzlrIMGh
VqmBAolI
mhCcq
rWtLLdVjKAUp
ntCYHnmvWV
kjPfydborySgTKisYm
OgWQbPTehmLDkpCADM
gAXlJU
PmPfMKzmOwTChilbatHn
blQZV
jSfQ
fiVNTNmgSxbg
fpp
JnM
KDfTKSs
FfzyO
CtkEtJeEG
oIbRY
aGBS
E
BdjGWAn
qNbnqbPYTFIRnldi
ZENUmLqwGlfFijz
OGPzhaDAEKa
eUiWOi
wixWKEcJWWkJJVpP
ZRqjHpuoBMdcYKmNTl
kGRX
wgOYfFbmYRA
KROItAUM
ZHndaGsGn
CPOFZjRmJ
tHhpBYYVDUgM
xQQYMpIcQERv
TUrzUzkqNjHzakeAp
RQomgGhAlrEju
tAsAzHeHHZwtBrgEHrKI
GOno
lOC
WAOLejqUHq
WfFoEFFRoNniRgR
vMrCnKBFudlffW
WHQp
pvYBDXnyswyy
LMPpIEeUkSCnGORXun
UtlYAzHSjGpIOnEA
MJevrZJ
CKCLYM
shVRbmUZSehPWJDFxESn
mvjOhmugRaaFmpqqOW
NPWxAagwQxc
sIaSzWepcj
uJgtlIicngdocxVAdqxr
lWz
faeWDHxR
hYSLDfIjeBADnfxy
KTztOSPfTXTy
OOzdWRaccL
vsqlWHHNxpWiy
HoWSfcWMZzPKfy
AIHrrwuJgNVaCdtS
fdBfgWvCviN
jEsuYfuVpyLDbhLqOZW
mfOGmQfgySAIWK
nhavqzUIDrbibNm
CmkRvfjwe
E
FdqamPCYyNZZaXU
yTKfOcBYlpmbRLZPmXJ
YOnR
zFCmcsvyan
nNGjaxcsfHKx
LLPfHOUhyRmKz
ZVuhFhv
I
